
Running 1 test using 1 worker

[1A[2K[1/1] [chromium] ΓÇ║ e2e\flow.spec.ts:4:9 ΓÇ║ Panelify Full Workflow ΓÇ║ Land -> Connect -> Scan -> Edit -> Publish
[1A[2K  1) [chromium] ΓÇ║ e2e\flow.spec.ts:4:9 ΓÇ║ Panelify Full Workflow ΓÇ║ Land -> Connect -> Scan -> Edit -> Publish 

    Error: [2mexpect([22m[31mlocator[39m[2m).[22mtoBeVisible[2m([22m[2m)[22m failed

    Locator: locator('text=Connect your repo')
    Expected: visible
    Timeout: 5000ms
    Error: element(s) not found

    Call log:
    [2m  - Expect "toBeVisible" with timeout 5000ms[22m
    [2m  - waiting for locator('text=Connect your repo')[22m


      24 |
      25 |         await page.goto('/connect');
    > 26 |         await expect(page.locator('text=Connect your repo')).toBeVisible();
         |                                                              ^
      27 |         await page.locator('text=test-site').click();
      28 |
      29 |         // Platform detection mock
        at E:\vs code\projects\panelify_antigravity\e2e\flow.spec.ts:26:62

    Error Context: test-results\flow-Panelify-Full-Workflo-05c7f-ect---Scan---Edit---Publish-chromium\error-context.md


[1A[2K  1 failed
    [chromium] ΓÇ║ e2e\flow.spec.ts:4:9 ΓÇ║ Panelify Full Workflow ΓÇ║ Land -> Connect -> Scan -> Edit -> Publish 

[36m  Serving HTML report at http://localhost:61179. Press Ctrl+C to quit.[39m
